node:internal/modules/cjs/loader:1505
  throw err;
  ^

Error: Cannot find module 'express-rate-limit'
Require stack:
- /data/data/com.termux/files/home/crypto-alerts/server.js
    at Module._resolveFilename (node:internal/modules/cjs/loader:1502:15)
    at wrapResolveFilename (node:internal/modules/cjs/loader:1073:27)
    at defaultResolveImplForCJSLoading (node:internal/modules/cjs/loader:1097:10)
    at resolveForCJSWithHooks (node:internal/modules/cjs/loader:1118:12)
    at Module._load (node:internal/modules/cjs/loader:1287:25)
    at wrapModuleLoad (node:internal/modules/cjs/loader:255:19)
    at Module.require (node:internal/modules/cjs/loader:1602:12)
    at require (node:internal/modules/helpers:191:16)
    at Object.<anonymous> (/data/data/com.termux/files/home/crypto-alerts/server.js:9:19)
    at Module._compile (node:internal/modules/cjs/loader:1856:14) {
  code: 'MODULE_NOT_FOUND',
  requireStack: [ '/data/data/com.termux/files/home/crypto-alerts/server.js' ]
}

Node.js v26.1.0
